ASxxxx Linker V03.00 + NoICE + sdld,  page 1.
Hexadecimal  [32-Bits]

Area                                    Addr        Size        Decimal Bytes (Attributes)
--------------------------------        ----        ----        ------- ----- ------------
.  .ABS.                            00000000    00000000 =           0. bytes (ABS,CON)

      Value  Global                              Global Defined In Module
      -----  --------------------------------   ------------------------
     00000000  .__.ABS.                           _strlen
     00000000  _ADC2_GetConversionValue        
     00000000  l_CABS                          
     00000000  l_DABS                          
     00000000  l_DATA                          
     00000000  l__CODE                         
     00000000  s_.debug_abbrev                 
     00000000  s_.debug_frame                  
     00000000  s_.debug_info                   
     00000000  s_.debug_line                   
     00000000  s_.debug_loc                    
     00000000  s_.debug_pubnames               
     00000000  s_CABS                          
     00000000  s_DABS                          
     00000000  s__CODE                         
     00000001  l_SSEG                          
     00000001  s_DATA                          
     00000001  s_INITIALIZED                   
     00000003  l_GSFINAL                       
     00000010  l_INITIALIZED                   
     00000010  l_INITIALIZER                   
     00000011  s_SSEG                          
     0000001A  l_GSINIT                        
     0000006F  l_HOME                          
     000000A7  l_CONST                         
     00000602  l_.debug_abbrev                 
     0000116A  l_.debug_pubnames               
     00003112  l_.debug_line                   
     00003E80  l_CODE                          
     0000476B  l_.debug_info                   
     0000531F  l_.debug_frame                  
     000067CC  l_.debug_loc                    
     00008000  s_HOME                          
     0000806F  s_GSINIT                        
     00008089  s_GSFINAL                       
     0000808C  s_CONST                         
     00008133  s_INITIALIZER                   
     00008143  s_CODE                          

ASxxxx Linker V03.00 + NoICE + sdld,  page 2.
Hexadecimal  [32-Bits]

Area                                    Addr        Size        Decimal Bytes (Attributes)
--------------------------------        ----        ----        ------- ----- ------------
INITIALIZED                         00000001    00000010 =          16. bytes (REL,CON)

      Value  Global                              Global Defined In Module
      -----  --------------------------------   ------------------------
     00000001  G$capture$0_0$0                    main
     00000001  _capture                           main
     00000003  G$capture_flag$0_0$0               main
     00000003  _capture_flag                      main
     00000004  G$vysledek$0_0$0                   main
     00000004  _vysledek                          main
     00000008  G$minuly_stav$0_0$0                main
     00000008  _minuly_stav                       main
     00000009  G$aktualni_stav$0_0$0              main
     00000009  _aktualni_stav                     main
     0000000A  Fmain$stage$0_0$0                  main
     0000000B  Fmain$time$0_0$0                   main
     0000000D  G$miliseconds$0_0$0                milis
     0000000D  _miliseconds                       milis

ASxxxx Linker V03.00 + NoICE + sdld,  page 3.
Hexadecimal  [32-Bits]

Area                                    Addr        Size        Decimal Bytes (Attributes)
--------------------------------        ----        ----        ------- ----- ------------
SSEG                                00000011    00000001 =           1. bytes (REL,CON)

      Value  Global                              Global Defined In Module
      -----  --------------------------------   ------------------------
ASxxxx Linker V03.00 + NoICE + sdld,  page 4.
Hexadecimal  [32-Bits]

Area                                    Addr        Size        Decimal Bytes (Attributes)
--------------------------------        ----        ----        ------- ----- ------------
HOME                                00008000    0000006F =         111. bytes (REL,CON)

      Value  Global                              Global Defined In Module
      -----  --------------------------------   ------------------------
     00008000  A$main$93                          main
     00008004  A$main$94                          main
     00008008  A$main$95                          main
     0000800C  A$main$96                          main
     00008010  A$main$97                          main
     00008014  A$main$98                          main
     00008018  A$main$99                          main
     0000801C  A$main$100                         main
     00008020  A$main$101                         main
     00008024  A$main$102                         main
     00008028  A$main$103                         main
     0000802C  A$main$104                         main
     00008030  A$main$105                         main
     00008034  A$main$106                         main
     00008038  A$main$107                         main
     0000803C  A$main$108                         main
     00008040  A$main$109                         main
     00008044  A$main$110                         main
     00008048  A$main$111                         main
     0000804C  A$main$112                         main
     00008050  A$main$113                         main
     00008054  A$main$114                         main
     00008058  A$main$115                         main
     0000805C  A$main$116                         main
     00008060  A$main$117                         main
     00008064  A$main$118                         main
     00008068  A$main$119                         main
     0000806C  A$main$153                         main

ASxxxx Linker V03.00 + NoICE + sdld,  page 5.
Hexadecimal  [32-Bits]

Area                                    Addr        Size        Decimal Bytes (Attributes)
--------------------------------        ----        ----        ------- ----- ------------
GSINIT                              0000806F    0000001A =          26. bytes (REL,CON)

      Value  Global                              Global Defined In Module
      -----  --------------------------------   ------------------------
     0000806F  A$main$129                         main
     00008072  A$main$130                         main
     00008074  A$main$132                         main
     00008078  A$main$133                         main
     00008079  A$main$134                         main
     0000807B  A$main$136                         main
     0000807E  A$main$137                         main
     00008080  A$main$139                         main
     00008083  A$main$140                         main
     00008086  A$main$141                         main
     00008087  A$main$142                         main

ASxxxx Linker V03.00 + NoICE + sdld,  page 6.
Hexadecimal  [32-Bits]

Area                                    Addr        Size        Decimal Bytes (Attributes)
--------------------------------        ----        ----        ------- ----- ------------
GSFINAL                             00008089    00000003 =           3. bytes (REL,CON)

      Value  Global                              Global Defined In Module
      -----  --------------------------------   ------------------------
     00008089  A$main$146                         main

ASxxxx Linker V03.00 + NoICE + sdld,  page 7.
Hexadecimal  [32-Bits]

Area                                    Addr        Size        Decimal Bytes (Attributes)
--------------------------------        ----        ----        ------- ----- ------------
CONST                               0000808C    000000A7 =         167. bytes (REL,CON)

      Value  Global                              Global Defined In Module
      -----  --------------------------------   ------------------------
     0000808C  Fmain$__str_0$0_0$0                main
     000080A6  Fstm8s_gpio$__str_0$0_0$0          stm8s_gpio
     000080BE  G$HSIDivFactor$0_0$0               stm8s_clk
     000080BE  _HSIDivFactor                      stm8s_clk
     000080C2  G$CLKPrescTable$0_0$0              stm8s_clk
     000080C2  _CLKPrescTable                     stm8s_clk
     000080CA  Fstm8s_clk$__str_0$0_0$0           stm8s_clk
     000080E1  Fstm8s_tim4$__str_0$0_0$0          stm8s_tim4
     000080F9  Fstm8s_itc$__str_0$0_0$0           stm8s_itc
     00008110  Fstm8s_tim1$__str_0$0_0$0          stm8s_tim1

ASxxxx Linker V03.00 + NoICE + sdld,  page 8.
Hexadecimal  [32-Bits]

Area                                    Addr        Size        Decimal Bytes (Attributes)
--------------------------------        ----        ----        ------- ----- ------------
INITIALIZER                         00008133    00000010 =          16. bytes (REL,CON)

      Value  Global                              Global Defined In Module
      -----  --------------------------------   ------------------------
     00008133  Fmain$__xinit_capture$0_0$0        main
     00008135  Fmain$__xinit_capture_flag$0_0$0   main
     00008136  Fmain$__xinit_vysledek$0_0$0       main
     0000813A  Fmain$__xinit_minuly_stav$0_0$0    main
     0000813B  Fmain$__xinit_aktualni_stav$0_0$   main
     0000813C  Fmain$__xinit_stage$0_0$0          main
     0000813D  Fmain$__xinit_time$0_0$0           main
     0000813F  Fmilis$__xinit_miliseconds$0_0$0   milis

ASxxxx Linker V03.00 + NoICE + sdld,  page 9.
Hexadecimal  [32-Bits]

Area                                    Addr        Size        Decimal Bytes (Attributes)
--------------------------------        ----        ----        ------- ----- ------------
CODE                                00008143    00003E80 =       16000. bytes (REL,CON)

      Value  Global                              Global Defined In Module
      -----  --------------------------------   ------------------------
     00008143  A$main$172                         main
     00008143  Smain$_delay_cycl$0                main
     00008143  Smain$_delay_cycl$1                main
     00008143  Smain$_delay_cycl$2                main
     00008144  A$main$173                         main
     00008145  A$main$177                         main
     00008145  Smain$_delay_cycl$3                main
     00008147  A$main$184                         main
     00008147  Smain$_delay_cycl$4                main
     00008147  Smain$_delay_cycl$5                main
     00008148  A$main$189                         main
     00008148  Smain$_delay_cycl$6                main
     00008148  Smain$_delay_cycl$7                main
     00008149  A$main$190                         main
     0000814B  A$main$191                         main
     0000814E  A$main$196                         main
     0000814E  Smain$_delay_cycl$8                main
     0000814F  A$main$204                         main
     0000814F  Smain$_delay_cycl$10               main
     0000814F  Smain$_delay_cycl$9                main
     0000814F  XFmain$_delay_cycl$0$0             main
     00008150  A$main$220                         main
     00008150  Smain$_delay_cycl$11               main
     00008150  Smain$_delay_us$12                 main
     00008150  Smain$_delay_us$13                 main
     00008150  Smain$_delay_us$14                 main
     00008152  A$main$221                         main
     00008153  A$main$223                         main
     00008155  A$main$225                         main
     00008155  Smain$_delay_us$15                 main
     00008156  A$main$228                         main
     00008156  Smain$_delay_us$16                 main
     00008158  A$main$230                         main
     00008158  Smain$_delay_us$17                 main
     0000815A  A$main$232                         main
     0000815A  Smain$_delay_us$18                 main
     0000815C  A$main$234                         main
     0000815C  Smain$_delay_us$19                 main
     0000815E  A$main$237                         main
     0000815E  Smain$_delay_us$20                 main
     00008161  A$main$238                         main
     00008163  A$main$244                         main
     00008163  Smain$_delay_us$21                 main
     00008163  Smain$_delay_us$22                 main
     00008165  A$main$246                         main
     00008165  Smain$_delay_us$23                 main
     00008167  A$main$248                         main
     00008167  Smain$_delay_us$24                 main
     00008169  A$main$250                         main
     00008169  Smain$_delay_us$25                 main
ASxxxx Linker V03.00 + NoICE + sdld,  page 10.
Hexadecimal  [32-Bits]

Area                                    Addr        Size        Decimal Bytes (Attributes)
--------------------------------        ----        ----        ------- ----- ------------
CODE                                00008143    00003E80 =       16000. bytes (REL,CON)

      Value  Global                              Global Defined In Module
      -----  --------------------------------   ------------------------
     0000816B  A$main$253                         main
     0000816B  Smain$_delay_us$26                 main
     0000816C  A$main$255                         main
     0000816C  Smain$_delay_us$27                 main
     0000816E  A$main$258                         main
     0000816E  Smain$_delay_us$28                 main
     00008171  A$main$259                         main
     00008173  A$main$263                         main
     00008173  Smain$_delay_us$29                 main
     00008173  Smain$_delay_us$30                 main
     00008175  A$main$264                         main
     00008176  A$main$265                         main
     00008178  A$main$266                         main
     00008179  A$main$267                         main
     0000817B  A$main$268                         main
     0000817C  A$main$273                         main
     0000817C  Smain$_delay_us$31                 main
     0000817D  A$main$281                         main
     0000817D  Smain$_delay_us$32                 main
     0000817D  Smain$_delay_us$33                 main
     0000817E  A$main$282                         main
     0000817F  A$main$292                         main
     0000817F  Smain$_delay_us$34                 main
     0000817F  Smain$_delay_us$35                 main
     0000817F  Smain$_delay_us$36                 main
     00008180  A$main$296                         main
     00008180  Smain$_delay_us$37                 main
     00008181  A$main$297                         main
     00008183  A$main$298                         main
     00008186  A$main$302                         main
     00008187  A$main$313                         main
     00008187  Smain$_delay_us$38                 main
     00008187  Smain$_delay_us$39                 main
     00008187  Smain$_delay_us$40                 main
     00008187  Smain$_delay_us$41                 main
     00008187  XFmain$_delay_us$0$0               main
     00008188  A$main$328                         main
     00008188  Smain$_delay_us$42                 main
     00008188  Smain$setup$43                     main
     00008188  Smain$setup$44                     main
     00008188  Smain$setup$45                     main
     00008188  _setup                             main
     0000818A  A$main$331                         main
     0000818A  Smain$setup$46                     main
     0000818D  A$main$332                         main
     0000818E  A$main$337                         main
     0000818E  Smain$setup$47                     main
     0000818E  Smain$setup$48                     main
     00008191  A$main$345                         main
     00008191  Smain$setup$49                     main
     00008191  Smain$setup$50                     main
ASxxxx Linker V03.00 + NoICE + sdld,  page 11.
Hexadecimal  [32-Bits]

Area                                    Addr        Size        Decimal Bytes (Attributes)
--------------------------------        ----        ----        ------- ----- ------------
CODE                                00008143    00003E80 =       16000. bytes (REL,CON)

      Value  Global                              Global Defined In Module
      -----  --------------------------------   ------------------------
     00008191  XG$setup$0$0                       main
     00008192  A$main$360                         main
     00008192  Smain$GPIO_setup$52                main
     00008192  Smain$GPIO_setup$53                main
     00008192  Smain$GPIO_setup$54                main
     00008192  Smain$setup$51                     main
     00008192  _GPIO_setup                        main
     00008194  A$main$363                         main
     00008194  Smain$GPIO_setup$55                main
     00008196  A$main$366                         main
     00008196  Smain$GPIO_setup$56                main
     00008198  A$main$368                         main
     00008198  Smain$GPIO_setup$57                main
     0000819A  A$main$371                         main
     0000819A  Smain$GPIO_setup$58                main
     0000819D  A$main$372                         main
     0000819F  A$main$377                         main
     0000819F  Smain$GPIO_setup$59                main
     0000819F  Smain$GPIO_setup$60                main
     000081A1  A$main$380                         main
     000081A1  Smain$GPIO_setup$61                main
     000081A3  A$main$383                         main
     000081A3  Smain$GPIO_setup$62                main
     000081A5  A$main$385                         main
     000081A5  Smain$GPIO_setup$63                main
     000081A7  A$main$388                         main
     000081A7  Smain$GPIO_setup$64                main
     000081AA  A$main$389                         main
     000081AC  A$main$394                         main
     000081AC  Smain$GPIO_setup$65                main
     000081AC  Smain$GPIO_setup$66                main
     000081AE  A$main$397                         main
     000081AE  Smain$GPIO_setup$67                main
     000081B0  A$main$400                         main
     000081B0  Smain$GPIO_setup$68                main
     000081B2  A$main$402                         main
     000081B2  Smain$GPIO_setup$69                main
     000081B4  A$main$405                         main
     000081B4  Smain$GPIO_setup$70                main
     000081B7  A$main$406                         main
     000081B9  A$main$411                         main
     000081B9  Smain$GPIO_setup$71                main
     000081B9  Smain$GPIO_setup$72                main
     000081BB  A$main$414                         main
     000081BB  Smain$GPIO_setup$73                main
     000081BD  A$main$417                         main
     000081BD  Smain$GPIO_setup$74                main
     000081BF  A$main$419                         main
     000081BF  Smain$GPIO_setup$75                main
     000081C1  A$main$422                         main
     000081C1  Smain$GPIO_setup$76                main
ASxxxx Linker V03.00 + NoICE + sdld,  page 12.
Hexadecimal  [32-Bits]

Area                                    Addr        Size        Decimal Bytes (Attributes)
--------------------------------        ----        ----        ------- ----- ------------
CODE                                00008143    00003E80 =       16000. bytes (REL,CON)

      Value  Global                              Global Defined In Module
      -----  --------------------------------   ------------------------
     000081C4  A$main$423                         main
     000081C6  A$main$432                         main
     000081C6  Smain$GPIO_setup$77                main
     000081C6  Smain$GPIO_setup$78                main
     000081C6  Smain$GPIO_setup$79                main
     000081C6  XG$GPIO_setup$0$0                  main
     000081C7  A$main$447                         main
     000081C7  Smain$GPIO_setup$80                main
     000081C7  Smain$TIM1_setup$81                main
     000081C7  Smain$TIM1_setup$82                main
     000081C7  Smain$TIM1_setup$83                main
     000081C7  _TIM1_setup                        main
     000081C9  A$main$450                         main
     000081C9  Smain$TIM1_setup$84                main
     000081CB  A$main$452                         main
     000081CB  Smain$TIM1_setup$85                main
     000081CD  A$main$455                         main
     000081CD  Smain$TIM1_setup$86                main
     000081CF  A$main$458                         main
     000081CF  Smain$TIM1_setup$87                main
     000081D1  A$main$460                         main
     000081D1  Smain$TIM1_setup$88                main
     000081D3  A$main$463                         main
     000081D3  Smain$TIM1_setup$89                main
     000081D6  A$main$464                         main
     000081D8  A$main$469                         main
     000081D8  Smain$TIM1_setup$90                main
     000081D8  Smain$TIM1_setup$91                main
     000081DA  A$main$472                         main
     000081DA  Smain$TIM1_setup$92                main
     000081DC  A$main$475                         main
     000081DC  Smain$TIM1_setup$93                main
     000081DE  A$main$478                         main
     000081DE  Smain$TIM1_setup$94                main
     000081E0  A$main$481                         main
     000081E0  Smain$TIM1_setup$95                main
     000081E2  A$main$484                         main
     000081E2  Smain$TIM1_setup$96                main
     000081E5  A$main$485                         main
     000081E7  A$main$490                         main
     000081E7  Smain$TIM1_setup$97                main
     000081E7  Smain$TIM1_setup$98                main
     000081E9  A$main$493                         main
     000081E9  Smain$TIM1_setup$99                main
     000081EB  A$main$496                         main
     000081EB  Smain$TIM1_setup$100               main
     000081ED  A$main$499                         main
     000081ED  Smain$TIM1_setup$101               main
     000081EF  A$main$502                         main
     000081EF  Smain$TIM1_setup$102               main
     000081F1  A$main$505                         main
ASxxxx Linker V03.00 + NoICE + sdld,  page 13.
Hexadecimal  [32-Bits]

Area                                    Addr        Size        Decimal Bytes (Attributes)
--------------------------------        ----        ----        ------- ----- ------------
CODE                                00008143    00003E80 =       16000. bytes (REL,CON)

      Value  Global                              Global Defined In Module
      -----  --------------------------------   ------------------------
     000081F1  Smain$TIM1_setup$103               main
     000081F4  A$main$506                         main
     000081F6  A$main$511                         main
     000081F6  Smain$TIM1_setup$104               main
     000081F6  Smain$TIM1_setup$105               main
     000081F8  A$main$514                         main
     000081F8  Smain$TIM1_setup$106               main
     000081FB  A$main$515                         main
     000081FC  A$main$520                         main
     000081FC  Smain$TIM1_setup$107               main
     000081FC  Smain$TIM1_setup$108               main
     000081FE  A$main$523                         main
     000081FE  Smain$TIM1_setup$109               main
     00008201  A$main$524                         main
     00008202  A$main$529                         main
     00008202  Smain$TIM1_setup$110               main
     00008202  Smain$TIM1_setup$111               main
     00008204  A$main$531                         main
     00008204  Smain$TIM1_setup$112               main
     00008206  A$main$534                         main
     00008206  Smain$TIM1_setup$113               main
     00008209  A$main$535                         main
     0000820A  A$main$540                         main
     0000820A  Smain$TIM1_setup$114               main
     0000820A  Smain$TIM1_setup$115               main
     0000820C  A$main$543                         main
     0000820C  Smain$TIM1_setup$116               main
     0000820F  A$main$544                         main
     00008210  A$main$553                         main
     00008210  Smain$TIM1_setup$117               main
     00008210  Smain$TIM1_setup$118               main
     00008210  Smain$TIM1_setup$119               main
     00008210  XG$TIM1_setup$0$0                  main
     00008211  A$main$565                         main
     00008211  Smain$TIM1_setup$120               main
     00008211  Smain$process_measurment$121       main
     00008211  Smain$process_measurment$122       main
     00008211  _process_measurment                main
     00008213  A$main$570                         main
     00008213  Smain$process_measurment$123       main
     00008213  Smain$process_measurment$124       main
     00008216  A$main$571                         main
     00008218  A$main$572                         main
     0000821A  A$main$573                         main
     0000821D  A$main$578                         main
     0000821D  Smain$process_measurment$125       main
     00008220  A$main$579                         main
     00008221  A$main$580                         main
     00008223  A$main$581                         main
     00008226  A$main$586                         main
     00008226  Smain$process_measurment$126       main
ASxxxx Linker V03.00 + NoICE + sdld,  page 14.
Hexadecimal  [32-Bits]

Area                                    Addr        Size        Decimal Bytes (Attributes)
--------------------------------        ----        ----        ------- ----- ------------
CODE                                00008143    00003E80 =       16000. bytes (REL,CON)

      Value  Global                              Global Defined In Module
      -----  --------------------------------   ------------------------
     00008229  A$main$587                         main
     0000822B  A$main$588                         main
     0000822D  A$main$589                         main
     00008230  A$main$594                         main
     00008230  Smain$process_measurment$127       main
     00008233  A$main$603                         main
     00008233  Smain$process_measurment$128       main
     00008233  Smain$process_measurment$129       main
     00008233  Smain$process_measurment$130       main
     00008236  A$main$604                         main
     00008238  A$main$607                         main
     0000823B  A$main$608                         main
     0000823D  A$main$609                         main
     0000823E  A$main$610                         main
     00008240  A$main$612                         main
     00008242  A$main$613                         main
     00008245  A$main$614                         main
     00008247  A$main$615                         main
     00008248  A$main$617                         main
     00008248  Smain$process_measurment$131       main
     0000824A  A$main$618                         main
     0000824C  A$main$619                         main
     0000824E  A$main$620                         main
     00008250  A$main$621                         main
     00008252  A$main$622                         main
     00008254  A$main$623                         main
     00008255  A$main$627                         main
     00008255  Smain$process_measurment$132       main
     00008258  A$main$628                         main
     0000825A  A$main$629                         main
     0000825B  A$main$630                         main
     0000825D  A$main$631                         main
     0000825E  A$main$632                         main
     00008260  A$main$633                         main
     00008262  A$main$634                         main
     00008265  A$main$641                         main
     00008265  Smain$process_measurment$133       main
     00008265  Smain$process_measurment$134       main
     00008268  A$main$645                         main
     0000826B  A$main$649                         main
     0000826B  Smain$process_measurment$135       main
     0000826D  A$main$652                         main
     0000826D  Smain$process_measurment$136       main
     0000826F  A$main$654                         main
     0000826F  Smain$process_measurment$137       main
     00008271  A$main$657                         main
     00008271  Smain$process_measurment$138       main
     00008274  A$main$658                         main
     00008276  A$main$663                         main
     00008276  Smain$process_measurment$139       main
     00008276  Smain$process_measurment$140       main
ASxxxx Linker V03.00 + NoICE + sdld,  page 15.
Hexadecimal  [32-Bits]

Area                                    Addr        Size        Decimal Bytes (Attributes)
--------------------------------        ----        ----        ------- ----- ------------
CODE                                00008143    00003E80 =       16000. bytes (REL,CON)

      Value  Global                              Global Defined In Module
      -----  --------------------------------   ------------------------
     0000827A  A$main$668                         main
     0000827A  Smain$process_measurment$141       main
     0000827A  Smain$process_measurment$142       main
     0000827D  A$main$676                         main
     0000827D  Smain$process_measurment$143       main
     0000827D  Smain$process_measurment$144       main
     00008280  A$main$677                         main
     00008282  A$main$680                         main
     00008285  A$main$681                         main
     00008287  A$main$682                         main
     00008288  A$main$683                         main
     0000828A  A$main$685                         main
     0000828C  A$main$686                         main
     0000828F  A$main$687                         main
     00008291  A$main$688                         main
     00008292  A$main$690                         main
     00008292  Smain$process_measurment$145       main
     00008294  A$main$691                         main
     00008296  A$main$692                         main
     00008298  A$main$693                         main
     0000829A  A$main$694                         main
     0000829C  A$main$695                         main
     0000829E  A$main$696                         main
     0000829F  A$main$700                         main
     0000829F  Smain$process_measurment$146       main
     000082A2  A$main$701                         main
     000082A4  A$main$702                         main
     000082A5  A$main$703                         main
     000082A7  A$main$704                         main
     000082A8  A$main$705                         main
     000082AA  A$main$706                         main
     000082AC  A$main$707                         main
     000082AF  A$main$714                         main
     000082AF  Smain$process_measurment$147       main
     000082AF  Smain$process_measurment$148       main
     000082B1  A$main$717                         main
     000082B1  Smain$process_measurment$149       main
     000082B3  A$main$719                         main
     000082B3  Smain$process_measurment$150       main
     000082B5  A$main$722                         main
     000082B5  Smain$process_measurment$151       main
     000082B8  A$main$723                         main
     000082BA  A$main$728                         main
     000082BA  Smain$process_measurment$152       main
     000082BA  Smain$process_measurment$153       main
     000082BE  A$main$733                         main
     000082BE  Smain$process_measurment$154       main
     000082BE  Smain$process_measurment$155       main
     000082C1  A$main$741                         main
     000082C1  Smain$process_measurment$156       main
     000082C1  Smain$process_measurment$157       main
ASxxxx Linker V03.00 + NoICE + sdld,  page 16.
Hexadecimal  [32-Bits]

Area                                    Addr        Size        Decimal Bytes (Attributes)
--------------------------------        ----        ----        ------- ----- ------------
CODE                                00008143    00003E80 =       16000. bytes (REL,CON)

      Value  Global                              Global Defined In Module
      -----  --------------------------------   ------------------------
     000082C3  A$main$743                         main
     000082C3  Smain$process_measurment$158       main
     000082C5  A$main$746                         main
     000082C5  Smain$process_measurment$159       main
     000082C8  A$main$747                         main
     000082C9  A$main$750                         main
     000082C9  Smain$process_measurment$160       main
     000082CA  A$main$751                         main
     000082CC  A$main$752                         main
     000082CF  A$main$758                         main
     000082CF  Smain$process_measurment$161       main
     000082CF  Smain$process_measurment$162       main
     000082D2  A$main$760                         main
     000082D5  A$main$764                         main
     000082D5  Smain$process_measurment$163       main
     000082D9  A$main$768                         main
     000082D9  Smain$process_measurment$164       main
     000082DD  A$main$771                         main
     000082DD  Smain$process_measurment$165       main
     000082E0  A$main$777                         main
     000082E0  Smain$process_measurment$166       main
     000082E3  A$main$778                         main
     000082E5  A$main$781                         main
     000082E8  A$main$782                         main
     000082EA  A$main$783                         main
     000082EB  A$main$784                         main
     000082ED  A$main$786                         main
     000082EF  A$main$787                         main
     000082F2  A$main$788                         main
     000082F4  A$main$789                         main
     000082F5  A$main$791                         main
     000082F5  Smain$process_measurment$167       main
     000082F7  A$main$792                         main
     000082F9  A$main$793                         main
     000082FB  A$main$794                         main
     000082FD  A$main$795                         main
     000082FF  A$main$796                         main
     00008301  A$main$797                         main
     00008302  A$main$801                         main
     00008302  Smain$process_measurment$168       main
     00008305  A$main$802                         main
     00008307  A$main$803                         main
     00008308  A$main$804                         main
     0000830A  A$main$805                         main
     0000830B  A$main$806                         main
     0000830D  A$main$807                         main
     0000830F  A$main$808                         main
     00008312  A$main$815                         main
     00008312  Smain$process_measurment$169       main
     00008312  Smain$process_measurment$170       main
     00008316  A$main$820                         main
ASxxxx Linker V03.00 + NoICE + sdld,  page 17.
Hexadecimal  [32-Bits]

Area                                    Addr        Size        Decimal Bytes (Attributes)
--------------------------------        ----        ----        ------- ----- ------------
CODE                                00008143    00003E80 =       16000. bytes (REL,CON)

      Value  Global                              Global Defined In Module
      -----  --------------------------------   ------------------------
     00008316  Smain$process_measurment$171       main
     00008316  Smain$process_measurment$172       main
     00008319  A$main$828                         main
     00008319  Smain$process_measurment$173       main
     00008319  Smain$process_measurment$174       main
     0000831D  A$main$837                         main
     0000831D  Smain$process_measurment$175       main
     0000831D  Smain$process_measurment$176       main
     0000831D  Smain$process_measurment$177       main
     0000831F  A$main$841                         main
     0000831F  Smain$process_measurment$178       main
     0000831F  Smain$process_measurment$179       main
     0000831F  XG$process_measurment$0$0          main
     00008320  A$main$853                         main
     00008320  Smain$main$181                     main
     00008320  Smain$main$182                     main
     00008320  Smain$process_measurment$180       main
     00008320  _main                              main
     00008322  A$main$858                         main
     00008322  Smain$main$183                     main
     00008322  Smain$main$184                     main
     00008325  A$main$862                         main
     00008325  Smain$main$185                     main
     00008328  A$main$866                         main
     00008328  Smain$main$186                     main
     0000832B  A$main$870                         main
     0000832B  Smain$main$187                     main
     0000832D  A$main$873                         main
     0000832D  Smain$main$188                     main
     0000832F  A$main$876                         main
     0000832F  Smain$main$189                     main
     00008332  A$main$877                         main
     00008333  A$main$884                         main
     00008333  Smain$main$190                     main
     00008333  Smain$main$191                     main
     00008335  A$main$886                         main
     00008335  Smain$main$192                     main
     00008337  A$main$889                         main
     00008337  Smain$main$193                     main
     0000833A  A$main$890                         main
     0000833B  A$main$900                         main
     0000833B  Smain$main$194                     main
     0000833B  Smain$main$195                     main
     0000833B  Smain$main$196                     main
     0000833B  Smain$main$197                     main
     0000833E  A$main$904                         main
     0000833E  Smain$main$198                     main
     00008341  A$main$905                         main
     00008342  A$main$906                         main
     00008344  A$main$907                         main
     00008347  A$main$909                         main
ASxxxx Linker V03.00 + NoICE + sdld,  page 18.
Hexadecimal  [32-Bits]

Area                                    Addr        Size        Decimal Bytes (Attributes)
--------------------------------        ----        ----        ------- ----- ------------
CODE                                00008143    00003E80 =       16000. bytes (REL,CON)

      Value  Global                              Global Defined In Module
      -----  --------------------------------   ------------------------
     0000834A  A$main$917                         main
     0000834A  Smain$main$199                     main
     0000834A  Smain$main$200                     main
     0000834A  Smain$main$201                     main
     0000834D  A$main$918                         main
     0000834E  A$main$921                         main
     0000834E  Smain$main$202                     main
     00008351  A$main$922                         main
     00008353  A$main$925                         main
     00008353  Smain$main$203                     main
     00008355  A$main$927                         main
     00008355  Smain$main$204                     main
     00008357  A$main$929                         main
     00008357  Smain$main$205                     main
     00008359  A$main$931                         main
     00008359  Smain$main$206                     main
     0000835B  A$main$934                         main
     0000835B  Smain$main$207                     main
     0000835C  A$main$936                         main
     0000835C  Smain$main$208                     main
     0000835E  A$main$939                         main
     0000835E  Smain$main$209                     main
     00008361  A$main$940                         main
     00008363  A$main$944                         main
     00008363  Smain$main$210                     main
     00008363  Smain$main$211                     main
     00008366  A$main$945                         main
     0000836A  A$main$949                         main
     0000836A  Smain$main$212                     main
     0000836C  A$main$952                         main
     0000836C  Smain$main$213                     main
     0000836E  A$main$955                         main
     0000836E  Smain$main$214                     main
     00008371  A$main$956                         main
     00008372  A$main$965                         main
     00008372  Smain$main$215                     main
     00008372  Smain$main$216                     main
     00008375  A$main$966                         main
     00008376  A$main$968                         main
     00008376  Smain$main$217                     main
     00008379  A$main$969                         main
     0000837A  A$main$972                         main
     0000837A  Smain$main$218                     main
     0000837C  A$main$974                         main
     0000837C  Smain$main$219                     main
     0000837E  A$main$977                         main
     0000837E  Smain$main$220                     main
     0000837F  A$main$978                         main
     00008382  A$main$979                         main
     00008383  A$main$982                         main
     00008383  Smain$main$221                     main
ASxxxx Linker V03.00 + NoICE + sdld,  page 19.
Hexadecimal  [32-Bits]

Area                                    Addr        Size        Decimal Bytes (Attributes)
--------------------------------        ----        ----        ------- ----- ------------
CODE                                00008143    00003E80 =       16000. bytes (REL,CON)

      Value  Global                              Global Defined In Module
      -----  --------------------------------   ------------------------
     00008386  A$main$983                         main
     00008388  A$main$990                         main
     00008388  Smain$main$222                     main
     00008388  Smain$main$223                     main
     00008389  A$main$991                         main
     0000838A  A$main$992                         main
     0000838B  A$main$995                         main
     0000838B  Smain$main$224                     main
     0000838E  A$main$996                         main
     0000838F  A$main$1001                        main
     0000838F  Smain$main$225                     main
     0000838F  Smain$main$226                     main
     00008393  A$main$1004                        main
     00008393  Smain$main$227                     main
     00008396  A$main$1010                        main
     00008396  Smain$main$228                     main
     00008398  A$main$1014                        main
     00008398  Smain$main$229                     main
     00008398  Smain$main$230                     main
     00008398  XG$main$0$0                        main
     00008399  A$main$1031                        main
     00008399  Smain$assert_failed$232            main
     00008399  Smain$assert_failed$233            main
     00008399  Smain$assert_failed$234            main
     00008399  Smain$main$231                     main
     00008399  _assert_failed                     main
     0000839C  A$main$1039                        main
     0000839C  Smain$assert_failed$235            main
     0000839C  Smain$assert_failed$236            main
     0000839C  XG$assert_failed$0$0               main
     0000839D  A$milis$70                         milis
     0000839D  Fmain$__str_1$0_0$0                main
     0000839D  Smain$assert_failed$237            main
     0000839D  Smilis$milis$0                     milis
     0000839D  Smilis$milis$1                     milis
     0000839D  _milis                             milis
     0000839F  A$milis$75                         milis
     0000839F  Smilis$milis$2                     milis
     0000839F  Smilis$milis$3                     milis
     000083A1  A$milis$78                         milis
     000083A1  Smilis$milis$4                     milis
     000083A3  A$milis$81                         milis
     000083A3  Smilis$milis$5                     milis
     000083A6  A$milis$82                         milis
     000083A7  A$milis$87                         milis
     000083A7  Smilis$milis$6                     milis
     000083A7  Smilis$milis$7                     milis
     000083AA  A$milis$88                         milis
     000083AE  A$milis$89                         milis
     000083B0  A$milis$93                         milis
     000083B0  Smilis$milis$8                     milis
ASxxxx Linker V03.00 + NoICE + sdld,  page 20.
Hexadecimal  [32-Bits]

Area                                    Addr        Size        Decimal Bytes (Attributes)
--------------------------------        ----        ----        ------- ----- ------------
CODE                                00008143    00003E80 =       16000. bytes (REL,CON)

      Value  Global                              Global Defined In Module
      -----  --------------------------------   ------------------------
     000083B1  A$milis$95                         milis
     000083B1  Smilis$milis$9                     milis
     000083B3  A$milis$98                         milis
     000083B3  Smilis$milis$10                    milis
     000083B5  A$milis$101                        milis
     000083B5  Smilis$milis$11                    milis
     000083B8  A$milis$102                        milis
     000083B9  A$milis$104                        milis
     000083B9  Smilis$milis$12                    milis
     000083BA  A$milis$109                        milis
     000083BA  Smilis$milis$13                    milis
     000083BA  Smilis$milis$14                    milis
     000083BC  A$milis$115                        milis
     000083BC  Smilis$milis$15                    milis
     000083BE  A$milis$119                        milis
     000083BE  Smilis$milis$16                    milis
     000083BE  Smilis$milis$17                    milis
     000083BE  XG$milis$0$0                       milis
     000083BF  A$milis$134                        milis
     000083BF  Smilis$init_milis$19               milis
     000083BF  Smilis$init_milis$20               milis
     000083BF  Smilis$init_milis$21               milis
     000083BF  Smilis$milis$18                    milis
     000083BF  _init_milis                        milis
     000083C1  A$milis$137                        milis
     000083C1  Smilis$init_milis$22               milis
     000083C3  A$milis$140                        milis
     000083C3  Smilis$init_milis$23               milis
     000083C6  A$milis$141                        milis
     000083C7  A$milis$146                        milis
     000083C7  Smilis$init_milis$24               milis
     000083C7  Smilis$init_milis$25               milis
     000083C9  A$milis$149                        milis
     000083C9  Smilis$init_milis$26               milis
     000083CC  A$milis$150                        milis
     000083CD  A$milis$155                        milis
     000083CD  Smilis$init_milis$27               milis
     000083CD  Smilis$init_milis$28               milis
     000083CF  A$milis$158                        milis
     000083CF  Smilis$init_milis$29               milis
     000083D1  A$milis$161                        milis
     000083D1  Smilis$init_milis$30               milis
     000083D4  A$milis$162                        milis
     000083D5  A$milis$167                        milis
     000083D5  Smilis$init_milis$31               milis
     000083D5  Smilis$init_milis$32               milis
     000083D7  A$milis$170                        milis
     000083D7  Smilis$init_milis$33               milis
     000083D9  A$milis$173                        milis
     000083D9  Smilis$init_milis$34               milis
     000083DC  A$milis$174                        milis
ASxxxx Linker V03.00 + NoICE + sdld,  page 21.
Hexadecimal  [32-Bits]

Area                                    Addr        Size        Decimal Bytes (Attributes)
--------------------------------        ----        ----        ------- ----- ------------
CODE                                00008143    00003E80 =       16000. bytes (REL,CON)

      Value  Global                              Global Defined In Module
      -----  --------------------------------   ------------------------
     000083DD  A$milis$179                        milis
     000083DD  Smilis$init_milis$35               milis
     000083DD  Smilis$init_milis$36               milis
     000083DE  A$milis$183                        milis
     000083DE  Smilis$init_milis$37               milis
     000083E0  A$milis$186                        milis
     000083E0  Smilis$init_milis$38               milis
     000083E3  A$milis$187                        milis
     000083E4  A$milis$196                        milis
     000083E4  Smilis$init_milis$39               milis
     000083E4  Smilis$init_milis$40               milis
     000083E4  Smilis$init_milis$41               milis
     000083E4  XG$init_milis$0$0                  milis
     000083E5  A$milis$208                        milis
     000083E5  Smilis$TIM4_UPD_OVF_IRQHandler$4   milis
     000083E5  Smilis$init_milis$42               milis
     000083E5  _TIM4_UPD_OVF_IRQHandler           milis
     000083E6  A$milis$213                        milis
     000083E6  Smilis$TIM4_UPD_OVF_IRQHandler$4   milis
     000083E6  Smilis$TIM4_UPD_OVF_IRQHandler$4   milis
     000083E8  A$milis$216                        milis
     000083E8  Smilis$TIM4_UPD_OVF_IRQHandler$4   milis
     000083EB  A$milis$217                        milis
     000083EC  A$milis$222                        milis
     000083EC  Smilis$TIM4_UPD_OVF_IRQHandler$4   milis
     000083EC  Smilis$TIM4_UPD_OVF_IRQHandler$4   milis
     000083EF  A$milis$223                        milis
     000083F3  A$milis$225                        milis
     000083F4  A$milis$226                        milis
     000083F6  A$milis$227                        milis
     000083F8  A$milis$230                        milis
     000083FB  A$milis$231                        milis
     000083FF  A$milis$239                        milis
     000083FF  Smilis$TIM4_UPD_OVF_IRQHandler$4   milis
     000083FF  Smilis$TIM4_UPD_OVF_IRQHandler$5   milis
     000083FF  XG$TIM4_UPD_OVF_IRQHandler$0$0     milis
     00008400  A$spse_stm8$66                     spse_stm8
     00008400  Smilis$TIM4_UPD_OVF_IRQHandler$5   milis
     00008400  Sspse_stm8$_delay_cycl$0           spse_stm8
     00008400  Sspse_stm8$_delay_cycl$1           spse_stm8
     00008400  Sspse_stm8$_delay_cycl$2           spse_stm8
     00008401  A$spse_stm8$67                     spse_stm8
     00008402  A$spse_stm8$71                     spse_stm8
     00008402  Sspse_stm8$_delay_cycl$3           spse_stm8
     00008404  A$spse_stm8$78                     spse_stm8
     00008404  Sspse_stm8$_delay_cycl$4           spse_stm8
     00008404  Sspse_stm8$_delay_cycl$5           spse_stm8
     00008405  A$spse_stm8$83                     spse_stm8
     00008405  Sspse_stm8$_delay_cycl$6           spse_stm8
     00008405  Sspse_stm8$_delay_cycl$7           spse_stm8
     00008406  A$spse_stm8$84                     spse_stm8
ASxxxx Linker V03.00 + NoICE + sdld,  page 22.
Hexadecimal  [32-Bits]

Area                                    Addr        Size        Decimal Bytes (Attributes)
--------------------------------        ----        ----        ------- ----- ------------
CODE                                00008143    00003E80 =       16000. bytes (REL,CON)

      Value  Global                              Global Defined In Module
      -----  --------------------------------   ------------------------
     00008408  A$spse_stm8$85                     spse_stm8
     0000840B  A$spse_stm8$90                     spse_stm8
     0000840B  Sspse_stm8$_delay_cycl$8           spse_stm8
     0000840C  A$spse_stm8$98                     spse_stm8
     0000840C  Sspse_stm8$_delay_cycl$10          spse_stm8
     0000840C  Sspse_stm8$_delay_cycl$9           spse_stm8
     0000840C  XFspse_stm8$_delay_cycl$0$0        spse_stm8
     0000840D  A$spse_stm8$114                    spse_stm8
     0000840D  Sspse_stm8$_delay_cycl$11          spse_stm8
     0000840D  Sspse_stm8$_delay_us$12            spse_stm8
     0000840D  Sspse_stm8$_delay_us$13            spse_stm8
     0000840D  Sspse_stm8$_delay_us$14            spse_stm8
     0000840F  A$spse_stm8$115                    spse_stm8
     00008410  A$spse_stm8$117                    spse_stm8
     00008412  A$spse_stm8$119                    spse_stm8
     00008412  Sspse_stm8$_delay_us$15            spse_stm8
     00008413  A$spse_stm8$122                    spse_stm8
     00008413  Sspse_stm8$_delay_us$16            spse_stm8
     00008415  A$spse_stm8$124                    spse_stm8
     00008415  Sspse_stm8$_delay_us$17            spse_stm8
     00008417  A$spse_stm8$126                    spse_stm8
     00008417  Sspse_stm8$_delay_us$18            spse_stm8
     00008419  A$spse_stm8$128                    spse_stm8
     00008419  Sspse_stm8$_delay_us$19            spse_stm8
     0000841B  A$spse_stm8$131                    spse_stm8
     0000841B  Sspse_stm8$_delay_us$20            spse_stm8
     0000841E  A$spse_stm8$132                    spse_stm8
     00008420  A$spse_stm8$138                    spse_stm8
     00008420  Sspse_stm8$_delay_us$21            spse_stm8
     00008420  Sspse_stm8$_delay_us$22            spse_stm8
     00008422  A$spse_stm8$140                    spse_stm8
     00008422  Sspse_stm8$_delay_us$23            spse_stm8
     00008424  A$spse_stm8$142                    spse_stm8
     00008424  Sspse_stm8$_delay_us$24            spse_stm8
     00008426  A$spse_stm8$144                    spse_stm8
     00008426  Sspse_stm8$_delay_us$25            spse_stm8
     00008428  A$spse_stm8$147                    spse_stm8
     00008428  Sspse_stm8$_delay_us$26            spse_stm8
     00008429  A$spse_stm8$149                    spse_stm8
     00008429  Sspse_stm8$_delay_us$27            spse_stm8
     0000842B  A$spse_stm8$152                    spse_stm8
     0000842B  Sspse_stm8$_delay_us$28            spse_stm8
     0000842E  A$spse_stm8$153                    spse_stm8
     00008430  A$spse_stm8$157                    spse_stm8
     00008430  Sspse_stm8$_delay_us$29            spse_stm8
     00008430  Sspse_stm8$_delay_us$30            spse_stm8
     00008432  A$spse_stm8$158                    spse_stm8
     00008433  A$spse_stm8$159                    spse_stm8
     00008435  A$spse_stm8$160                    spse_stm8
     00008436  A$spse_stm8$161                    spse_stm8
     00008438  A$spse_stm8$162                    spse_stm8
ASxxxx Linker V03.00 + NoICE + sdld,  page 23.
Hexadecimal  [32-Bits]

Area                                    Addr        Size        Decimal Bytes (Attributes)
--------------------------------        ----        ----        ------- ----- ------------
CODE                                00008143    00003E80 =       16000. bytes (REL,CON)

      Value  Global                              Global Defined In Module
      -----  --------------------------------   ------------------------
     00008439  A$spse_stm8$167                    spse_stm8
     00008439  Sspse_stm8$_delay_us$31            spse_stm8
     0000843A  A$spse_stm8$175                    spse_stm8
     0000843A  Sspse_stm8$_delay_us$32            spse_stm8
     0000843A  Sspse_stm8$_delay_us$33            spse_stm8
     0000843B  A$spse_stm8$176                    spse_stm8
     0000843C  A$spse_stm8$186                    spse_stm8
     0000843C  Sspse_stm8$_delay_us$34            spse_stm8
     0000843C  Sspse_stm8$_delay_us$35            spse_stm8
     0000843C  Sspse_stm8$_delay_us$36            spse_stm8
     0000843D  A$spse_stm8$190                    spse_stm8
     0000843D  Sspse_stm8$_delay_us$37            spse_stm8
     0000843E  A$spse_stm8$191                    spse_stm8
     00008440  A$spse_stm8$192                    spse_stm8
     00008443  A$spse_stm8$196                    spse_stm8
     00008444  A$spse_stm8$207                    spse_stm8
     00008444  Sspse_stm8$_delay_us$38            spse_stm8
     00008444  Sspse_stm8$_delay_us$39            spse_stm8
     00008444  Sspse_stm8$_delay_us$40            spse_stm8
     00008444  Sspse_stm8$_delay_us$41            spse_stm8
     00008444  XFspse_stm8$_delay_us$0$0          spse_stm8
     00008445  A$spse_stm8$222                    spse_stm8
     00008445  Sspse_stm8$ADC_get$43              spse_stm8
     00008445  Sspse_stm8$ADC_get$44              spse_stm8
     00008445  Sspse_stm8$ADC_get$45              spse_stm8
     00008445  Sspse_stm8$_delay_us$42            spse_stm8
     00008445  _ADC_get                           spse_stm8
     00008447  A$spse_stm8$223                    spse_stm8
     00008448  A$spse_stm8$226                    spse_stm8
     00008448  Sspse_stm8$ADC_get$46              spse_stm8
     0000844B  A$spse_stm8$227                    spse_stm8
     0000844C  A$spse_stm8$232                    spse_stm8
     0000844C  Sspse_stm8$ADC_get$47              spse_stm8
     0000844C  Sspse_stm8$ADC_get$48              spse_stm8
     0000844F  A$spse_stm8$234                    spse_stm8
     00008451  A$spse_stm8$236                    spse_stm8
     00008454  A$spse_stm8$242                    spse_stm8
     00008454  Sspse_stm8$ADC_get$49              spse_stm8
     00008457  A$spse_stm8$244                    spse_stm8
     00008458  A$spse_stm8$245                    spse_stm8
     0000845A  A$spse_stm8$246                    spse_stm8
     0000845D  A$spse_stm8$252                    spse_stm8
     0000845D  Sspse_stm8$ADC_get$50              spse_stm8
     00008460  A$spse_stm8$254                    spse_stm8
     00008462  A$spse_stm8$256                    spse_stm8
     00008465  A$spse_stm8$260                    spse_stm8
     00008465  Sspse_stm8$ADC_get$51              spse_stm8
     00008468  A$spse_stm8$269                    spse_stm8
     00008468  Sspse_stm8$ADC_get$52              spse_stm8
     00008468  Sspse_stm8$ADC_get$53              spse_stm8
     00008468  XG$ADC_get$0$0                     spse_stm8
ASxxxx Linker V03.00 + NoICE + sdld,  page 24.
Hexadecimal  [32-Bits]

Area                                    Addr        Size        Decimal Bytes (Attributes)
--------------------------------        ----        ----        ------- ----- ------------
CODE                                00008143    00003E80 =       16000. bytes (REL,CON)

      Value  Global                              Global Defined In Module
      -----  --------------------------------   ------------------------
     00008469  A$spse_stm8$281                    spse_stm8
     00008469  Sspse_stm8$ADC2_Select_Channel$5   spse_stm8
     00008469  Sspse_stm8$ADC2_Select_Channel$5   spse_stm8
     00008469  Sspse_stm8$ADC_get$54              spse_stm8
     00008469  _ADC2_Select_Channel               spse_stm8
     0000846A  A$spse_stm8$286                    spse_stm8
     0000846A  Sspse_stm8$ADC2_Select_Channel$5   spse_stm8
     0000846A  Sspse_stm8$ADC2_Select_Channel$5   spse_stm8
     0000846D  A$spse_stm8$288                    spse_stm8
     0000846F  A$spse_stm8$289                    spse_stm8
     00008471  A$spse_stm8$293                    spse_stm8
     00008471  Sspse_stm8$ADC2_Select_Channel$5   spse_stm8
     00008473  A$spse_stm8$294                    spse_stm8
     00008475  A$spse_stm8$296                    spse_stm8
     00008477  A$spse_stm8$301                    spse_stm8
     00008477  Sspse_stm8$ADC2_Select_Channel$6   spse_stm8
     0000847A  A$spse_stm8$307                    spse_stm8
     0000847A  Sspse_stm8$ADC2_Select_Channel$6   spse_stm8
     0000847B  A$spse_stm8$311                    spse_stm8
     0000847B  Sspse_stm8$ADC2_Select_Channel$6   spse_stm8
     0000847B  Sspse_stm8$ADC2_Select_Channel$6   spse_stm8
     0000847B  XG$ADC2_Select_Channel$0$0         spse_stm8
     0000847C  A$spse_stm8$326                    spse_stm8
     0000847C  Sspse_stm8$ADC2_AlignConfig$65     spse_stm8
     0000847C  Sspse_stm8$ADC2_AlignConfig$66     spse_stm8
     0000847C  Sspse_stm8$ADC2_AlignConfig$67     spse_stm8
     0000847C  Sspse_stm8$ADC2_Select_Channel$6   spse_stm8
     0000847C  _ADC2_AlignConfig                  spse_stm8
     0000847F  A$spse_stm8$330                    spse_stm8
     0000847F  Sspse_stm8$ADC2_AlignConfig$68     spse_stm8
     00008481  A$spse_stm8$331                    spse_stm8
     00008483  A$spse_stm8$332                    spse_stm8
     00008486  A$spse_stm8$338                    spse_stm8
     00008486  Sspse_stm8$ADC2_AlignConfig$69     spse_stm8
     00008486  Sspse_stm8$ADC2_AlignConfig$70     spse_stm8
     00008488  A$spse_stm8$340                    spse_stm8
     0000848B  A$spse_stm8$343                    spse_stm8
     0000848B  Sspse_stm8$ADC2_AlignConfig$71     spse_stm8
     0000848E  A$spse_stm8$350                    spse_stm8
     0000848E  Sspse_stm8$ADC2_AlignConfig$72     spse_stm8
     0000848E  Sspse_stm8$ADC2_AlignConfig$73     spse_stm8
     00008490  A$spse_stm8$352                    spse_stm8
     00008493  A$spse_stm8$361                    spse_stm8
     00008493  Sspse_stm8$ADC2_AlignConfig$74     spse_stm8
     00008493  Sspse_stm8$ADC2_AlignConfig$75     spse_stm8
     00008493  Sspse_stm8$ADC2_AlignConfig$76     spse_stm8
     00008493  XG$ADC2_AlignConfig$0$0            spse_stm8
     00008494  A$spse_stm8$376                    spse_stm8
     00008494  Sspse_stm8$ADC2_AlignConfig$77     spse_stm8
     00008494  Sspse_stm8$ADC2_Startup_Wait$78    spse_stm8
     00008494  Sspse_stm8$ADC2_Startup_Wait$79    spse_stm8
ASxxxx Linker V03.00 + NoICE + sdld,  page 25.
Hexadecimal  [32-Bits]

Area                                    Addr        Size        Decimal Bytes (Attributes)
--------------------------------        ----        ----        ------- ----- ------------
CODE                                00008143    00003E80 =       16000. bytes (REL,CON)

      Value  Global                              Global Defined In Module
      -----  --------------------------------   ------------------------
     00008494  Sspse_stm8$ADC2_Startup_Wait$80    spse_stm8
     00008494  _ADC2_Startup_Wait                 spse_stm8
     00008497  A$spse_stm8$380                    spse_stm8
     00008497  Sspse_stm8$ADC2_Startup_Wait$81    spse_stm8
     00008498  A$spse_stm8$381                    spse_stm8
     00008499  A$spse_stm8$391                    spse_stm8
     00008499  Sspse_stm8$ADC2_Startup_Wait$82    spse_stm8
     00008499  Sspse_stm8$ADC2_Startup_Wait$83    spse_stm8
     00008499  Sspse_stm8$ADC2_Startup_Wait$84    spse_stm8
     0000849A  A$spse_stm8$395                    spse_stm8
     0000849A  Sspse_stm8$ADC2_Startup_Wait$85    spse_stm8
     0000849B  A$spse_stm8$396                    spse_stm8
     0000849D  A$spse_stm8$397                    spse_stm8
     000084A0  A$spse_stm8$401                    spse_stm8
     000084A1  A$spse_stm8$412                    spse_stm8
     000084A1  Sspse_stm8$ADC2_Startup_Wait$86    spse_stm8
     000084A1  Sspse_stm8$ADC2_Startup_Wait$87    spse_stm8
     000084A1  Sspse_stm8$ADC2_Startup_Wait$88    spse_stm8
     000084A1  Sspse_stm8$ADC2_Startup_Wait$89    spse_stm8
     000084A1  XG$ADC2_Startup_Wait$0$0           spse_stm8
     000084A2  A$stm8_hd44780$82                  stm8_hd44780
     000084A2  Sspse_stm8$ADC2_Startup_Wait$90    spse_stm8
     000084A2  Sstm8_hd44780$_delay_cycl$0        stm8_hd44780
     000084A2  Sstm8_hd44780$_delay_cycl$1        stm8_hd44780
     000084A2  Sstm8_hd44780$_delay_cycl$2        stm8_hd44780
     000084A3  A$stm8_hd44780$83                  stm8_hd44780
     000084A4  A$stm8_hd44780$87                  stm8_hd44780
     000084A4  Sstm8_hd44780$_delay_cycl$3        stm8_hd44780
     000084A6  A$stm8_hd44780$94                  stm8_hd44780
     000084A6  Sstm8_hd44780$_delay_cycl$4        stm8_hd44780
     000084A6  Sstm8_hd44780$_delay_cycl$5        stm8_hd44780
     000084A7  A$stm8_hd44780$99                  stm8_hd44780
     000084A7  Sstm8_hd44780$_delay_cycl$6        stm8_hd44780
     000084A7  Sstm8_hd44780$_delay_cycl$7        stm8_hd44780
     000084A8  A$stm8_hd44780$100                 stm8_hd44780
     000084AA  A$stm8_hd44780$101                 stm8_hd44780
     000084AD  A$stm8_hd44780$106                 stm8_hd44780
     000084AD  Sstm8_hd44780$_delay_cycl$8        stm8_hd44780
     000084AE  A$stm8_hd44780$114                 stm8_hd44780
     000084AE  Sstm8_hd44780$_delay_cycl$10       stm8_hd44780
     000084AE  Sstm8_hd44780$_delay_cycl$9        stm8_hd44780
     000084AE  XFstm8_hd44780$_delay_cycl$0$0     stm8_hd44780
     000084AF  A$stm8_hd44780$130                 stm8_hd44780
     000084AF  Sstm8_hd44780$_delay_cycl$11       stm8_hd44780
     000084AF  Sstm8_hd44780$_delay_us$12         stm8_hd44780
     000084AF  Sstm8_hd44780$_delay_us$13         stm8_hd44780
     000084AF  Sstm8_hd44780$_delay_us$14         stm8_hd44780
     000084B1  A$stm8_hd44780$131                 stm8_hd44780
     000084B2  A$stm8_hd44780$133                 stm8_hd44780
     000084B4  A$stm8_hd44780$135                 stm8_hd44780
     000084B4  Sstm8_hd44780$_delay_us$15         stm8_hd44780
ASxxxx Linker V03.00 + NoICE + sdld,  page 26.
Hexadecimal  [32-Bits]

Area                                    Addr        Size        Decimal Bytes (Attributes)
--------------------------------        ----        ----        ------- ----- ------------
CODE                                00008143    00003E80 =       16000. bytes (REL,CON)

      Value  Global                              Global Defined In Module
      -----  --------------------------------   ------------------------
     000084B5  A$stm8_hd44780$138                 stm8_hd44780
     000084B5  Sstm8_hd44780$_delay_us$16         stm8_hd44780
     000084B7  A$stm8_hd44780$140                 stm8_hd44780
     000084B7  Sstm8_hd44780$_delay_us$17         stm8_hd44780
     000084B9  A$stm8_hd44780$142                 stm8_hd44780
     000084B9  Sstm8_hd44780$_delay_us$18         stm8_hd44780
     000084BB  A$stm8_hd44780$144                 stm8_hd44780
     000084BB  Sstm8_hd44780$_delay_us$19         stm8_hd44780
     000084BD  A$stm8_hd44780$147                 stm8_hd44780
     000084BD  Sstm8_hd44780$_delay_us$20         stm8_hd44780
     000084C0  A$stm8_hd44780$148                 stm8_hd44780
     000084C2  A$stm8_hd44780$154                 stm8_hd44780
     000084C2  Sstm8_hd44780$_delay_us$21         stm8_hd44780
     000084C2  Sstm8_hd44780$_delay_us$22         stm8_hd44780
     000084C4  A$stm8_hd44780$156                 stm8_hd44780
     000084C4  Sstm8_hd44780$_delay_us$23         stm8_hd44780
     000084C6  A$stm8_hd44780$158                 stm8_hd44780
     000084C6  Sstm8_hd44780$_delay_us$24         stm8_hd44780
     000084C8  A$stm8_hd44780$160                 stm8_hd44780
     000084C8  Sstm8_hd44780$_delay_us$25         stm8_hd44780
     000084CA  A$stm8_hd44780$163                 stm8_hd44780
     000084CA  Sstm8_hd44780$_delay_us$26         stm8_hd44780
     000084CB  A$stm8_hd44780$165                 stm8_hd44780
     000084CB  Sstm8_hd44780$_delay_us$27         stm8_hd44780
     000084CD  A$stm8_hd44780$168                 stm8_hd44780
     000084CD  Sstm8_hd44780$_delay_us$28         stm8_hd44780
     000084D0  A$stm8_hd44780$169                 stm8_hd44780
     000084D2  A$stm8_hd44780$173                 stm8_hd44780
     000084D2  Sstm8_hd44780$_delay_us$29         stm8_hd44780
     000084D2  Sstm8_hd44780$_delay_us$30         stm8_hd44780
     000084D4  A$stm8_hd44780$174                 stm8_hd44780
     000084D5  A$stm8_hd44780$175                 stm8_hd44780
     000084D7  A$stm8_hd44780$176                 stm8_hd44780
     000084D8  A$stm8_hd44780$177                 stm8_hd44780
     000084DA  A$stm8_hd44780$178                 stm8_hd44780
     000084DB  A$stm8_hd44780$183                 stm8_hd44780
     000084DB  Sstm8_hd44780$_delay_us$31         stm8_hd44780
     000084DC  A$stm8_hd44780$191                 stm8_hd44780
     000084DC  Sstm8_hd44780$_delay_us$32         stm8_hd44780
     000084DC  Sstm8_hd44780$_delay_us$33         stm8_hd44780
     000084DD  A$stm8_hd44780$192                 stm8_hd44780
     000084DE  A$stm8_hd44780$202                 stm8_hd44780
     000084DE  Sstm8_hd44780$_delay_us$34         stm8_hd44780
     000084DE  Sstm8_hd44780$_delay_us$35         stm8_hd44780
     000084DE  Sstm8_hd44780$_delay_us$36         stm8_hd44780
     000084DF  A$stm8_hd44780$206                 stm8_hd44780
     000084DF  Sstm8_hd44780$_delay_us$37         stm8_hd44780
     000084E0  A$stm8_hd44780$207                 stm8_hd44780
     000084E2  A$stm8_hd44780$208                 stm8_hd44780
     000084E5  A$stm8_hd44780$212                 stm8_hd44780
     000084E6  A$stm8_hd44780$223                 stm8_hd44780
ASxxxx Linker V03.00 + NoICE + sdld,  page 27.
Hexadecimal  [32-Bits]

Area                                    Addr        Size        Decimal Bytes (Attributes)
--------------------------------        ----        ----        ------- ----- ------------
CODE                                00008143    00003E80 =       16000. bytes (REL,CON)

      Value  Global                              Global Defined In Module
      -----  --------------------------------   ------------------------
     000084E6  Sstm8_hd44780$_delay_us$38         stm8_hd44780
     000084E6  Sstm8_hd44780$_delay_us$39         stm8_hd44780
     000084E6  Sstm8_hd44780$_delay_us$40         stm8_hd44780
     000084E6  Sstm8_hd44780$_delay_us$41         stm8_hd44780
     000084E6  XFstm8_hd44780$_delay_us$0$0       stm8_hd44780
     000084E7  A$stm8_hd44780$235                 stm8_hd44780
     000084E7  Sstm8_hd44780$_delay_us$42         stm8_hd44780
     000084E7  Sstm8_hd44780$lcd_store_symbol$4   stm8_hd44780
     000084E7  Sstm8_hd44780$lcd_store_symbol$4   stm8_hd44780
     000084E7  _lcd_store_symbol                  stm8_hd44780
     000084E8  A$stm8_hd44780$241                 stm8_hd44780
     000084E8  Sstm8_hd44780$lcd_store_symbol$4   stm8_hd44780
     000084E8  Sstm8_hd44780$lcd_store_symbol$4   stm8_hd44780
     000084EA  A$stm8_hd44780$242                 stm8_hd44780
     000084EC  A$stm8_hd44780$243                 stm8_hd44780
     000084EE  A$stm8_hd44780$244                 stm8_hd44780
     000084F1  A$stm8_hd44780$248                 stm8_hd44780
     000084F4  A$stm8_hd44780$254                 stm8_hd44780
     000084F4  Sstm8_hd44780$lcd_store_symbol$4   stm8_hd44780
     000084F6  A$stm8_hd44780$255                 stm8_hd44780
     000084F8  A$stm8_hd44780$257                 stm8_hd44780
     000084F9  A$stm8_hd44780$260                 stm8_hd44780
     000084F9  Sstm8_hd44780$lcd_store_symbol$4   stm8_hd44780
     000084FC  A$stm8_hd44780$261                 stm8_hd44780
     000084FD  A$stm8_hd44780$266                 stm8_hd44780
     000084FD  Sstm8_hd44780$lcd_store_symbol$4   stm8_hd44780
     000084FD  Sstm8_hd44780$lcd_store_symbol$5   stm8_hd44780
     000084FF  A$stm8_hd44780$273                 stm8_hd44780
     000084FF  Sstm8_hd44780$lcd_store_symbol$5   stm8_hd44780
     000084FF  Sstm8_hd44780$lcd_store_symbol$5   stm8_hd44780
     00008500  A$stm8_hd44780$274                 stm8_hd44780
     00008502  A$stm8_hd44780$275                 stm8_hd44780
     00008503  A$stm8_hd44780$276                 stm8_hd44780
     00008506  A$stm8_hd44780$278                 stm8_hd44780
     00008507  A$stm8_hd44780$280                 stm8_hd44780
     00008508  A$stm8_hd44780$283                 stm8_hd44780
     00008508  Sstm8_hd44780$lcd_store_symbol$5   stm8_hd44780
     0000850B  A$stm8_hd44780$284                 stm8_hd44780
     0000850C  A$stm8_hd44780$290                 stm8_hd44780
     0000850C  Sstm8_hd44780$lcd_store_symbol$5   stm8_hd44780
     0000850C  Sstm8_hd44780$lcd_store_symbol$5   stm8_hd44780
     0000850C  Sstm8_hd44780$lcd_store_symbol$5   stm8_hd44780
     0000850E  A$stm8_hd44780$293                 stm8_hd44780
     00008510  A$stm8_hd44780$294                 stm8_hd44780
     00008512  A$stm8_hd44780$295                 stm8_hd44780
     00008514  A$stm8_hd44780$296                 stm8_hd44780
     00008517  A$stm8_hd44780$302                 stm8_hd44780
     00008517  Sstm8_hd44780$lcd_store_symbol$5   stm8_hd44780
     00008519  A$stm8_hd44780$305                 stm8_hd44780
     00008519  Sstm8_hd44780$lcd_store_symbol$5   stm8_hd44780
     0000851C  A$stm8_hd44780$306                 stm8_hd44780
ASxxxx Linker V03.00 + NoICE + sdld,  page 28.
Hexadecimal  [32-Bits]

Area                                    Addr        Size        Decimal Bytes (Attributes)
--------------------------------        ----        ----        ------- ----- ------------
CODE                                00008143    00003E80 =       16000. bytes (REL,CON)

      Value  Global                              Global Defined In Module
      -----  --------------------------------   ------------------------
     0000851D  A$stm8_hd44780$313                 stm8_hd44780
     0000851D  Sstm8_hd44780$lcd_store_symbol$5   stm8_hd44780
     0000851D  Sstm8_hd44780$lcd_store_symbol$6   stm8_hd44780
     0000851E  A$stm8_hd44780$317                 stm8_hd44780
     0000851E  Sstm8_hd44780$lcd_store_symbol$6   stm8_hd44780
     0000851E  Sstm8_hd44780$lcd_store_symbol$6   stm8_hd44780
     0000851E  XG$lcd_store_symbol$0$0            stm8_hd44780
     0000851F  A$stm8_hd44780$332                 stm8_hd44780
     0000851F  Sstm8_hd44780$lcd_puts$64          stm8_hd44780
     0000851F  Sstm8_hd44780$lcd_puts$65          stm8_hd44780
     0000851F  Sstm8_hd44780$lcd_puts$66          stm8_hd44780
     0000851F  Sstm8_hd44780$lcd_store_symbol$6   stm8_hd44780
     0000851F  _lcd_puts                          stm8_hd44780
     00008521  A$stm8_hd44780$336                 stm8_hd44780
     00008522  A$stm8_hd44780$338                 stm8_hd44780
     00008523  A$stm8_hd44780$339                 stm8_hd44780
     00008525  A$stm8_hd44780$340                 stm8_hd44780
     00008528  A$stm8_hd44780$346                 stm8_hd44780
     00008528  Sstm8_hd44780$lcd_puts$67          stm8_hd44780
     00008528  Sstm8_hd44780$lcd_puts$68          stm8_hd44780
     00008529  A$stm8_hd44780$348                 stm8_hd44780
     00008529  Sstm8_hd44780$lcd_puts$69          stm8_hd44780
     0000852A  A$stm8_hd44780$351                 stm8_hd44780
     0000852A  Sstm8_hd44780$lcd_puts$70          stm8_hd44780
     0000852D  A$stm8_hd44780$352                 stm8_hd44780
     0000852E  A$stm8_hd44780$354                 stm8_hd44780
     0000852E  Sstm8_hd44780$lcd_puts$71          stm8_hd44780
     0000852F  A$stm8_hd44780$359                 stm8_hd44780
     0000852F  Sstm8_hd44780$lcd_puts$72          stm8_hd44780
     0000852F  Sstm8_hd44780$lcd_puts$73          stm8_hd44780
     00008530  A$stm8_hd44780$362                 stm8_hd44780
     00008530  Sstm8_hd44780$lcd_puts$74          stm8_hd44780
     00008533  A$stm8_hd44780$370                 stm8_hd44780
     00008533  Sstm8_hd44780$lcd_puts$75          stm8_hd44780
     00008533  Sstm8_hd44780$lcd_puts$76          stm8_hd44780
     00008533  XG$lcd_puts$0$0                    stm8_hd44780
     00008534  A$stm8_hd44780$385                 stm8_hd44780
     00008534  Sstm8_hd44780$lcd_init$78          stm8_hd44780
     00008534  Sstm8_hd44780$lcd_init$79          stm8_hd44780
     00008534  Sstm8_hd44780$lcd_init$80          stm8_hd44780
     00008534  Sstm8_hd44780$lcd_puts$77          stm8_hd44780
     00008534  _lcd_init                          stm8_hd44780
     00008537  A$stm8_hd44780$389                 stm8_hd44780
     00008537  Sstm8_hd44780$lcd_init$81          stm8_hd44780
     0000853A  A$stm8_hd44780$393                 stm8_hd44780
     0000853A  Sstm8_hd44780$lcd_init$82          stm8_hd44780
     0000853D  A$stm8_hd44780$397                 stm8_hd44780
     0000853D  Sstm8_hd44780$lcd_init$83          stm8_hd44780
     0000853E  A$stm8_hd44780$398                 stm8_hd44780
     0000853F  A$stm8_hd44780$408                 stm8_hd44780
     0000853F  Sstm8_hd44780$lcd_init$84          stm8_hd44780
ASxxxx Linker V03.00 + NoICE + sdld,  page 29.
Hexadecimal  [32-Bits]

Area                                    Addr        Size        Decimal Bytes (Attributes)
--------------------------------        ----        ----        ------- ----- ------------
CODE                                00008143    00003E80 =       16000. bytes (REL,CON)

      Value  Global                              Global Defined In Module
[...]
     0000B3BA  Sstm8s_tim1$TIM1_ClearITPendingB   stm8s_tim1
     0000B3BD  A$stm8s_tim1$9042                  stm8s_tim1
     0000B3BF  A$stm8s_tim1$9049                  stm8s_tim1
     0000B3BF  Sstm8s_tim1$TIM1_ClearITPendingB   stm8s_tim1
     0000B3BF  Sstm8s_tim1$TIM1_ClearITPendingB   stm8s_tim1
     0000B3C1  A$stm8s_tim1$9050                  stm8s_tim1
     0000B3C2  A$stm8s_tim1$9052                  stm8s_tim1
     0000B3C5  A$stm8s_tim1$9060                  stm8s_tim1
ASxxxx Linker V03.00 + NoICE + sdld,  page 224.
Hexadecimal  [32-Bits]

Area                                    Addr        Size        Decimal Bytes (Attributes)
--------------------------------        ----        ----        ------- ----- ------------
CODE                                00008143    00003E80 =       16000. bytes (REL,CON)

      Value  Global                              Global Defined In Module
      -----  --------------------------------   ------------------------
     0000B3C5  Sstm8s_tim1$TIM1_ClearITPendingB   stm8s_tim1
     0000B3C5  Sstm8s_tim1$TIM1_ClearITPendingB   stm8s_tim1
     0000B3C5  XG$TIM1_ClearITPendingBit$0$0      stm8s_tim1
     0000B3C6  A$stm8s_tim1$9072                  stm8s_tim1
     0000B3C6  Sstm8s_tim1$TI1_Config$1965        stm8s_tim1
     0000B3C6  Sstm8s_tim1$TI1_Config$1966        stm8s_tim1
     0000B3C6  Sstm8s_tim1$TIM1_ClearITPendingB   stm8s_tim1
     0000B3C7  A$stm8s_tim1$9077                  stm8s_tim1
     0000B3C7  Sstm8s_tim1$TI1_Config$1967        stm8s_tim1
     0000B3C7  Sstm8s_tim1$TI1_Config$1968        stm8s_tim1
     0000B3CA  A$stm8s_tim1$9079                  stm8s_tim1
     0000B3CC  A$stm8s_tim1$9081                  stm8s_tim1
     0000B3CF  A$stm8s_tim1$9085                  stm8s_tim1
     0000B3CF  Sstm8s_tim1$TI1_Config$1969        stm8s_tim1
     0000B3D2  A$stm8s_tim1$9087                  stm8s_tim1
     0000B3D4  A$stm8s_tim1$9088                  stm8s_tim1
     0000B3D6  A$stm8s_tim1$9093                  stm8s_tim1
     0000B3D6  Sstm8s_tim1$TI1_Config$1970        stm8s_tim1
     0000B3D8  A$stm8s_tim1$9095                  stm8s_tim1
     0000B3D9  A$stm8s_tim1$9096                  stm8s_tim1
     0000B3DB  A$stm8s_tim1$9100                  stm8s_tim1
     0000B3DD  A$stm8s_tim1$9102                  stm8s_tim1
     0000B3DF  A$stm8s_tim1$9104                  stm8s_tim1
     0000B3E2  A$stm8s_tim1$9108                  stm8s_tim1
     0000B3E2  Sstm8s_tim1$TI1_Config$1971        stm8s_tim1
     0000B3E5  A$stm8s_tim1$9112                  stm8s_tim1
     0000B3E5  Sstm8s_tim1$TI1_Config$1972        stm8s_tim1
     0000B3E7  A$stm8s_tim1$9113                  stm8s_tim1
     0000B3E9  A$stm8s_tim1$9114                  stm8s_tim1
     0000B3EC  A$stm8s_tim1$9120                  stm8s_tim1
     0000B3EC  Sstm8s_tim1$TI1_Config$1973        stm8s_tim1
     0000B3EC  Sstm8s_tim1$TI1_Config$1974        stm8s_tim1
     0000B3EE  A$stm8s_tim1$9122                  stm8s_tim1
     0000B3F1  A$stm8s_tim1$9125                  stm8s_tim1
     0000B3F1  Sstm8s_tim1$TI1_Config$1975        stm8s_tim1
     0000B3F4  A$stm8s_tim1$9132                  stm8s_tim1
     0000B3F4  Sstm8s_tim1$TI1_Config$1976        stm8s_tim1
     0000B3F4  Sstm8s_tim1$TI1_Config$1977        stm8s_tim1
     0000B3F6  A$stm8s_tim1$9134                  stm8s_tim1
     0000B3F9  A$stm8s_tim1$9141                  stm8s_tim1
     0000B3F9  Sstm8s_tim1$TI1_Config$1978        stm8s_tim1
     0000B3F9  Sstm8s_tim1$TI1_Config$1979        stm8s_tim1
     0000B3FC  A$stm8s_tim1$9143                  stm8s_tim1
     0000B3FE  A$stm8s_tim1$9145                  stm8s_tim1
     0000B401  A$stm8s_tim1$9151                  stm8s_tim1
     0000B401  Sstm8s_tim1$TI1_Config$1980        stm8s_tim1
     0000B402  A$stm8s_tim1$9155                  stm8s_tim1
     0000B402  Sstm8s_tim1$TI1_Config$1981        stm8s_tim1
     0000B402  Sstm8s_tim1$TI1_Config$1982        stm8s_tim1
     0000B402  XFstm8s_tim1$TI1_Config$0$0        stm8s_tim1
     0000B403  A$stm8s_tim1$9167                  stm8s_tim1
ASxxxx Linker V03.00 + NoICE + sdld,  page 225.
Hexadecimal  [32-Bits]

Area                                    Addr        Size        Decimal Bytes (Attributes)
--------------------------------        ----        ----        ------- ----- ------------
CODE                                00008143    00003E80 =       16000. bytes (REL,CON)

      Value  Global                              Global Defined In Module
      -----  --------------------------------   ------------------------
     0000B403  Sstm8s_tim1$TI1_Config$1983        stm8s_tim1
     0000B403  Sstm8s_tim1$TI2_Config$1984        stm8s_tim1
     0000B403  Sstm8s_tim1$TI2_Config$1985        stm8s_tim1
     0000B404  A$stm8s_tim1$9172                  stm8s_tim1
     0000B404  Sstm8s_tim1$TI2_Config$1986        stm8s_tim1
     0000B404  Sstm8s_tim1$TI2_Config$1987        stm8s_tim1
     0000B407  A$stm8s_tim1$9174                  stm8s_tim1
     0000B409  A$stm8s_tim1$9176                  stm8s_tim1
     0000B40C  A$stm8s_tim1$9180                  stm8s_tim1
     0000B40C  Sstm8s_tim1$TI2_Config$1988        stm8s_tim1
     0000B40F  A$stm8s_tim1$9182                  stm8s_tim1
     0000B411  A$stm8s_tim1$9183                  stm8s_tim1
     0000B413  A$stm8s_tim1$9188                  stm8s_tim1
     0000B413  Sstm8s_tim1$TI2_Config$1989        stm8s_tim1
     0000B415  A$stm8s_tim1$9190                  stm8s_tim1
     0000B416  A$stm8s_tim1$9191                  stm8s_tim1
     0000B418  A$stm8s_tim1$9195                  stm8s_tim1
     0000B41A  A$stm8s_tim1$9197                  stm8s_tim1
     0000B41C  A$stm8s_tim1$9199                  stm8s_tim1
     0000B41F  A$stm8s_tim1$9203                  stm8s_tim1
     0000B41F  Sstm8s_tim1$TI2_Config$1990        stm8s_tim1
     0000B422  A$stm8s_tim1$9207                  stm8s_tim1
     0000B422  Sstm8s_tim1$TI2_Config$1991        stm8s_tim1
     0000B424  A$stm8s_tim1$9208                  stm8s_tim1
     0000B426  A$stm8s_tim1$9209                  stm8s_tim1
     0000B429  A$stm8s_tim1$9215                  stm8s_tim1
     0000B429  Sstm8s_tim1$TI2_Config$1992        stm8s_tim1
     0000B429  Sstm8s_tim1$TI2_Config$1993        stm8s_tim1
     0000B42B  A$stm8s_tim1$9217                  stm8s_tim1
     0000B42E  A$stm8s_tim1$9220                  stm8s_tim1
     0000B42E  Sstm8s_tim1$TI2_Config$1994        stm8s_tim1
     0000B431  A$stm8s_tim1$9227                  stm8s_tim1
     0000B431  Sstm8s_tim1$TI2_Config$1995        stm8s_tim1
     0000B431  Sstm8s_tim1$TI2_Config$1996        stm8s_tim1
     0000B433  A$stm8s_tim1$9229                  stm8s_tim1
     0000B436  A$stm8s_tim1$9236                  stm8s_tim1
     0000B436  Sstm8s_tim1$TI2_Config$1997        stm8s_tim1
     0000B436  Sstm8s_tim1$TI2_Config$1998        stm8s_tim1
     0000B439  A$stm8s_tim1$9238                  stm8s_tim1
     0000B43B  A$stm8s_tim1$9240                  stm8s_tim1
     0000B43E  A$stm8s_tim1$9246                  stm8s_tim1
     0000B43E  Sstm8s_tim1$TI2_Config$1999        stm8s_tim1
     0000B43F  A$stm8s_tim1$9250                  stm8s_tim1
     0000B43F  Sstm8s_tim1$TI2_Config$2000        stm8s_tim1
     0000B43F  Sstm8s_tim1$TI2_Config$2001        stm8s_tim1
     0000B43F  XFstm8s_tim1$TI2_Config$0$0        stm8s_tim1
     0000B440  A$stm8s_tim1$9262                  stm8s_tim1
     0000B440  Sstm8s_tim1$TI2_Config$2002        stm8s_tim1
     0000B440  Sstm8s_tim1$TI3_Config$2003        stm8s_tim1
     0000B440  Sstm8s_tim1$TI3_Config$2004        stm8s_tim1
     0000B441  A$stm8s_tim1$9267                  stm8s_tim1
ASxxxx Linker V03.00 + NoICE + sdld,  page 226.
Hexadecimal  [32-Bits]

Area                                    Addr        Size        Decimal Bytes (Attributes)
--------------------------------        ----        ----        ------- ----- ------------
CODE                                00008143    00003E80 =       16000. bytes (REL,CON)

      Value  Global                              Global Defined In Module
      -----  --------------------------------   ------------------------
     0000B441  Sstm8s_tim1$TI3_Config$2005        stm8s_tim1
     0000B441  Sstm8s_tim1$TI3_Config$2006        stm8s_tim1
     0000B444  A$stm8s_tim1$9269                  stm8s_tim1
     0000B446  A$stm8s_tim1$9271                  stm8s_tim1
     0000B449  A$stm8s_tim1$9275                  stm8s_tim1
     0000B449  Sstm8s_tim1$TI3_Config$2007        stm8s_tim1
     0000B44C  A$stm8s_tim1$9277                  stm8s_tim1
     0000B44E  A$stm8s_tim1$9278                  stm8s_tim1
     0000B450  A$stm8s_tim1$9283                  stm8s_tim1
     0000B450  Sstm8s_tim1$TI3_Config$2008        stm8s_tim1
     0000B452  A$stm8s_tim1$9285                  stm8s_tim1
     0000B453  A$stm8s_tim1$9286                  stm8s_tim1
     0000B455  A$stm8s_tim1$9290                  stm8s_tim1
     0000B457  A$stm8s_tim1$9292                  stm8s_tim1
     0000B459  A$stm8s_tim1$9294                  stm8s_tim1
     0000B45C  A$stm8s_tim1$9298                  stm8s_tim1
     0000B45C  Sstm8s_tim1$TI3_Config$2009        stm8s_tim1
     0000B45F  A$stm8s_tim1$9302                  stm8s_tim1
     0000B45F  Sstm8s_tim1$TI3_Config$2010        stm8s_tim1
     0000B461  A$stm8s_tim1$9303                  stm8s_tim1
     0000B463  A$stm8s_tim1$9304                  stm8s_tim1
     0000B466  A$stm8s_tim1$9310                  stm8s_tim1
     0000B466  Sstm8s_tim1$TI3_Config$2011        stm8s_tim1
     0000B466  Sstm8s_tim1$TI3_Config$2012        stm8s_tim1
     0000B468  A$stm8s_tim1$9312                  stm8s_tim1
     0000B46B  A$stm8s_tim1$9315                  stm8s_tim1
     0000B46B  Sstm8s_tim1$TI3_Config$2013        stm8s_tim1
     0000B46E  A$stm8s_tim1$9322                  stm8s_tim1
     0000B46E  Sstm8s_tim1$TI3_Config$2014        stm8s_tim1
     0000B46E  Sstm8s_tim1$TI3_Config$2015        stm8s_tim1
     0000B470  A$stm8s_tim1$9324                  stm8s_tim1
     0000B473  A$stm8s_tim1$9331                  stm8s_tim1
     0000B473  Sstm8s_tim1$TI3_Config$2016        stm8s_tim1
     0000B473  Sstm8s_tim1$TI3_Config$2017        stm8s_tim1
     0000B476  A$stm8s_tim1$9333                  stm8s_tim1
     0000B478  A$stm8s_tim1$9335                  stm8s_tim1
     0000B47B  A$stm8s_tim1$9341                  stm8s_tim1
     0000B47B  Sstm8s_tim1$TI3_Config$2018        stm8s_tim1
     0000B47C  A$stm8s_tim1$9345                  stm8s_tim1
     0000B47C  Sstm8s_tim1$TI3_Config$2019        stm8s_tim1
     0000B47C  Sstm8s_tim1$TI3_Config$2020        stm8s_tim1
     0000B47C  XFstm8s_tim1$TI3_Config$0$0        stm8s_tim1
     0000B47D  A$stm8s_tim1$9357                  stm8s_tim1
     0000B47D  Sstm8s_tim1$TI3_Config$2021        stm8s_tim1
     0000B47D  Sstm8s_tim1$TI4_Config$2022        stm8s_tim1
     0000B47D  Sstm8s_tim1$TI4_Config$2023        stm8s_tim1
     0000B47E  A$stm8s_tim1$9362                  stm8s_tim1
     0000B47E  Sstm8s_tim1$TI4_Config$2024        stm8s_tim1
     0000B47E  Sstm8s_tim1$TI4_Config$2025        stm8s_tim1
     0000B481  A$stm8s_tim1$9364                  stm8s_tim1
     0000B483  A$stm8s_tim1$9366                  stm8s_tim1
ASxxxx Linker V03.00 + NoICE + sdld,  page 227.
Hexadecimal  [32-Bits]

Area                                    Addr        Size        Decimal Bytes (Attributes)
--------------------------------        ----        ----        ------- ----- ------------
CODE                                00008143    00003E80 =       16000. bytes (REL,CON)

      Value  Global                              Global Defined In Module
      -----  --------------------------------   ------------------------
     0000B486  A$stm8s_tim1$9370                  stm8s_tim1
     0000B486  Sstm8s_tim1$TI4_Config$2026        stm8s_tim1
     0000B489  A$stm8s_tim1$9372                  stm8s_tim1
     0000B48B  A$stm8s_tim1$9373                  stm8s_tim1
     0000B48D  A$stm8s_tim1$9378                  stm8s_tim1
     0000B48D  Sstm8s_tim1$TI4_Config$2027        stm8s_tim1
     0000B48F  A$stm8s_tim1$9380                  stm8s_tim1
     0000B490  A$stm8s_tim1$9381                  stm8s_tim1
     0000B492  A$stm8s_tim1$9385                  stm8s_tim1
     0000B494  A$stm8s_tim1$9387                  stm8s_tim1
     0000B496  A$stm8s_tim1$9389                  stm8s_tim1
     0000B499  A$stm8s_tim1$9393                  stm8s_tim1
     0000B499  Sstm8s_tim1$TI4_Config$2028        stm8s_tim1
     0000B49C  A$stm8s_tim1$9397                  stm8s_tim1
     0000B49C  Sstm8s_tim1$TI4_Config$2029        stm8s_tim1
     0000B49E  A$stm8s_tim1$9398                  stm8s_tim1
     0000B4A0  A$stm8s_tim1$9399                  stm8s_tim1
     0000B4A3  A$stm8s_tim1$9405                  stm8s_tim1
     0000B4A3  Sstm8s_tim1$TI4_Config$2030        stm8s_tim1
     0000B4A3  Sstm8s_tim1$TI4_Config$2031        stm8s_tim1
     0000B4A5  A$stm8s_tim1$9407                  stm8s_tim1
     0000B4A8  A$stm8s_tim1$9410                  stm8s_tim1
     0000B4A8  Sstm8s_tim1$TI4_Config$2032        stm8s_tim1
     0000B4AB  A$stm8s_tim1$9417                  stm8s_tim1
     0000B4AB  Sstm8s_tim1$TI4_Config$2033        stm8s_tim1
     0000B4AB  Sstm8s_tim1$TI4_Config$2034        stm8s_tim1
     0000B4AD  A$stm8s_tim1$9419                  stm8s_tim1
     0000B4B0  A$stm8s_tim1$9426                  stm8s_tim1
     0000B4B0  Sstm8s_tim1$TI4_Config$2035        stm8s_tim1
     0000B4B0  Sstm8s_tim1$TI4_Config$2036        stm8s_tim1
     0000B4B3  A$stm8s_tim1$9428                  stm8s_tim1
     0000B4B5  A$stm8s_tim1$9430                  stm8s_tim1
     0000B4B8  A$stm8s_tim1$9436                  stm8s_tim1
     0000B4B8  Sstm8s_tim1$TI4_Config$2037        stm8s_tim1
     0000B4B9  A$stm8s_tim1$9440                  stm8s_tim1
     0000B4B9  Sstm8s_tim1$TI4_Config$2038        stm8s_tim1
     0000B4B9  Sstm8s_tim1$TI4_Config$2039        stm8s_tim1
     0000B4B9  XFstm8s_tim1$TI4_Config$0$0        stm8s_tim1
     0000B4BA  Sstm8s_tim1$TI4_Config$2040        stm8s_tim1
     0000B4CD  _vsprintf                          sprintf
     0000B4E6  _sprintf                           sprintf
     0000B501  __divulong                         
     0000B55B  ___uint2fs                         _uint2fs
     0000B721  ___fsdiv                           _fsdiv
     0000B7B2  __mullong                          
     0000B82E  ___ulong2fs                        _ulong2fs
     0000B94A  __print_format                     printf_large
     0000BF26  ___fslt                            _fslt
     0000BFB4  _strlen                            _strlen
ASxxxx Linker V03.00 + NoICE + sdld,  page 228.
Hexadecimal  [32-Bits]

Area                                    Addr        Size        Decimal Bytes (Attributes)
--------------------------------        ----        ----        ------- ----- ------------
.debug_line                         00000000    00003112 =       12562. bytes (REL,CON)

      Value  Global                              Global Defined In Module
      -----  --------------------------------   ------------------------
ASxxxx Linker V03.00 + NoICE + sdld,  page 229.
Hexadecimal  [32-Bits]

Area                                    Addr        Size        Decimal Bytes (Attributes)
--------------------------------        ----        ----        ------- ----- ------------
.debug_loc                          00000000    000067CC =       26572. bytes (REL,CON)

      Value  Global                              Global Defined In Module
      -----  --------------------------------   ------------------------
ASxxxx Linker V03.00 + NoICE + sdld,  page 230.
Hexadecimal  [32-Bits]

Area                                    Addr        Size        Decimal Bytes (Attributes)
--------------------------------        ----        ----        ------- ----- ------------
.debug_abbrev                       00000000    00000602 =        1538. bytes (REL,CON)

      Value  Global                              Global Defined In Module
      -----  --------------------------------   ------------------------
ASxxxx Linker V03.00 + NoICE + sdld,  page 231.
Hexadecimal  [32-Bits]

Area                                    Addr        Size        Decimal Bytes (Attributes)
--------------------------------        ----        ----        ------- ----- ------------
.debug_info                         00000000    0000476B =       18283. bytes (REL,CON)

      Value  Global                              Global Defined In Module
      -----  --------------------------------   ------------------------
ASxxxx Linker V03.00 + NoICE + sdld,  page 232.
Hexadecimal  [32-Bits]

Area                                    Addr        Size        Decimal Bytes (Attributes)
--------------------------------        ----        ----        ------- ----- ------------
.debug_pubnames                     00000000    0000116A =        4458. bytes (REL,CON)

      Value  Global                              Global Defined In Module
      -----  --------------------------------   ------------------------
ASxxxx Linker V03.00 + NoICE + sdld,  page 233.
Hexadecimal  [32-Bits]

Area                                    Addr        Size        Decimal Bytes (Attributes)
--------------------------------        ----        ----        ------- ----- ------------
.debug_frame                        00000000    0000531F =       21279. bytes (REL,CON)

      Value  Global                              Global Defined In Module
      -----  --------------------------------   ------------------------
ASxxxx Linker V03.00 + NoICE + sdld,  page 234.

Files Linked                              [ module(s) ]

build-STM8S208/main.rel                   [ main ]
build-STM8S208/milis.rel                  [ milis ]
build-STM8S208/spse_stm8.rel              [ spse_stm8 ]
build-STM8S208/stm8_hd44780.rel           [ stm8_hd44780 ]
build-STM8S208/stm8s_it.rel               [ stm8s_it ]
build-STM8S208/swspi.rel                  [ swspi ]
build-STM8S208/stm8s_gpio.rel             [ stm8s_gpio ]
build-STM8S208/stm8s_clk.rel              [ stm8s_clk ]
build-STM8S208/stm8s_tim4.rel             [ stm8s_tim4 ]
build-STM8S208/stm8s_itc.rel              [ stm8s_itc ]
build-STM8S208/stm8s_tim1.rel             [ stm8s_tim1 ]


Libraries Linked                          [ object file ]

C:\Program Files\SDCC\bin\..\lib\stm8/stm8.lib
                                          [ sprintf.rel ]
C:\Program Files\SDCC\bin\..\lib\stm8/stm8.lib
                                          [ _divulong.rel ]
C:\Program Files\SDCC\bin\..\lib\stm8/stm8.lib
                                          [ _uint2fs.rel ]
C:\Program Files\SDCC\bin\..\lib\stm8/stm8.lib
                                          [ _fsdiv.rel ]
C:\Program Files\SDCC\bin\..\lib\stm8/stm8.lib
                                          [ _mullong.rel ]
C:\Program Files\SDCC\bin\..\lib\stm8/stm8.lib
                                          [ _ulong2fs.rel ]
C:\Program Files\SDCC\bin\..\lib\stm8/stm8.lib
                                          [ printf_large.rel ]
C:\Program Files\SDCC\bin\..\lib\stm8/stm8.lib
                                          [ _fslt.rel ]
C:\Program Files\SDCC\bin\..\lib\stm8/stm8.lib
                                          [ _strlen.rel ]

ASxxxx Linker V03.00 + NoICE + sdld,  page 235.

User Base Address Definitions

HOME = 0x8000
DATA = 0x0001


?ASlink-Warning-Undefined Global '_ADC2_GetConversionValue' referenced by module 'spse_stm8'
